#
# There is insufficient memory for the Java Runtime Environment to continue.
# Native memory allocation (malloc) failed to allocate 1672816 bytes. Error detail: Chunk::new
# Possible reasons:
#   The system is out of physical RAM or swap space
#   This process is running with CompressedOops enabled, and the Java Heap may be blocking the growth of the native heap
# Possible solutions:
#   Reduce memory load on the system
#   Increase physical memory or swap space
#   Check if swap backing store is full
#   Decrease Java heap size (-Xmx/-Xms)
#   Decrease number of Java threads
#   Decrease Java thread stack sizes (-Xss)
#   Set larger code cache with -XX:ReservedCodeCacheSize=
#   JVM is running with Unscaled Compressed Oops mode in which the Java heap is
#     placed in the first 4GB address space. The Java Heap base address is the
#     maximum limit for the native heap growth. Please use -XX:HeapBaseMinAddress
#     to set the Java Heap base and to place the Java Heap above 4GB virtual address.
# This output file may be truncated or incomplete.
#
#  Out of Memory Error (arena.cpp:168), pid=41276, tid=17168
#
# JRE version: OpenJDK Runtime Environment Temurin-21.0.9+10 (21.0.9+10) (build 21.0.9+10-LTS)
# Java VM: OpenJDK 64-Bit Server VM Temurin-21.0.9+10 (21.0.9+10-LTS, mixed mode, sharing, tiered, compressed oops, compressed class ptrs, parallel gc, windows-amd64)
# No core dump will be written. Minidumps are not enabled by default on client versions of Windows
#

---------------  S U M M A R Y ------------

Command Line: --add-modules=ALL-SYSTEM --add-opens=java.base/java.util=ALL-UNNAMED --add-opens=java.base/java.lang=ALL-UNNAMED --add-opens=java.base/sun.nio.fs=ALL-UNNAMED -Declipse.application=org.eclipse.jdt.ls.core.id1 -Dosgi.bundles.defaultStartLevel=4 -Declipse.product=org.eclipse.jdt.ls.core.product -Djava.import.generatesMetadataFilesAtProjectRoot=false -DDetectVMInstallationsJob.disabled=true -Dfile.encoding=utf8 -XX:+UseParallelGC -XX:GCTimeRatio=4 -XX:AdaptiveSizePolicyWeight=90 -Dsun.zip.disableMemoryMapping=true -Xmx2G -Xms100m -Xlog:disable -javaagent:c:\Users\admin\.cursor\extensions\redhat.java-1.50.0-win32-x64\lombok\lombok-1.18.39-4050.jar -XX:+HeapDumpOnOutOfMemoryError -XX:HeapDumpPath=c:\Users\admin\AppData\Roaming\Cursor\User\workspaceStorage\69b4fcc2ad451ac108d0e8250b41e1ae\redhat.java -Daether.dependencyCollector.impl=bf c:\Users\admin\.cursor\extensions\redhat.java-1.50.0-win32-x64\server\plugins\org.eclipse.equinox.launcher_1.7.100.v20251111-0406.jar -configuration c:\Users\admin\AppData\Roaming\Cursor\User\globalStorage\redhat.java\1.50.0\config_win -data c:\Users\admin\AppData\Roaming\Cursor\User\workspaceStorage\69b4fcc2ad451ac108d0e8250b41e1ae\redhat.java\jdt_ws --pipe=\\.\pipe\lsp-62c2bc2b28c0eeb8330b6061078eed31-sock

Host: Intel(R) Core(TM) i7-10700KF CPU @ 3.80GHz, 16 cores, 31G,  Windows 11 , 64 bit Build 26100 (10.0.26100.4202)
Time: Tue Dec 23 21:11:41 2025 SE Asia Standard Time elapsed time: 21.416627 seconds (0d 0h 0m 21s)

---------------  T H R E A D  ---------------

Current thread (0x000001edb92f18e0):  JavaThread "C2 CompilerThread0" daemon [_thread_in_native, id=17168, stack(0x000000ed92300000,0x000000ed92400000) (1024K)]


Current CompileTask:
C2:21416 4661   !   4       org.eclipse.osgi.internal.loader.classpath.ClasspathManager::findClassImpl (328 bytes)

Stack: [0x000000ed92300000,0x000000ed92400000]
Native frames: (J=compiled Java code, j=interpreted, Vv=VM code, C=native code)
V  [jvm.dll+0x6d6e29]
V  [jvm.dll+0x8b4b76]
V  [jvm.dll+0x8b712e]
V  [jvm.dll+0x8b7813]
V  [jvm.dll+0x283d86]
V  [jvm.dll+0xc66ed]
V  [jvm.dll+0xc6c31]
V  [jvm.dll+0x3be501]
V  [jvm.dll+0x38ab92]
V  [jvm.dll+0x389fda]
V  [jvm.dll+0x24bfa0]
V  [jvm.dll+0x24b580]
V  [jvm.dll+0x1cb13e]
V  [jvm.dll+0x25b29d]
V  [jvm.dll+0x25982a]
V  [jvm.dll+0x3f7ea6]
V  [jvm.dll+0x85e9ad]
V  [jvm.dll+0x6d565d]
C  [ucrtbase.dll+0x37b0]
C  [KERNEL32.DLL+0x2e8d7]
C  [ntdll.dll+0x3c34c]


---------------  P R O C E S S  ---------------

Threads class SMR info:
_java_thread_list=0x000001ee198df350, length=26, elements={
0x000001edb77eab50, 0x000001edd03282a0, 0x000001edb92e1f90, 0x000001edb92e4b00,
0x000001edb92e5c30, 0x000001edd0329fb0, 0x000001edb92ec700, 0x000001edb92f18e0,
0x000001edb92f6130, 0x000001ee12ad35e0, 0x000001ee14116e40, 0x000001ee1906e3f0,
0x000001ee1906ea80, 0x000001ee1906c320, 0x000001ee1906c9b0, 0x000001ee19658210,
0x000001ee1965bd20, 0x000001ee192bce00, 0x000001ee196588a0, 0x000001ee196595c0,
0x000001ee1965c3b0, 0x000001ee1965a970, 0x000001ee19658f30, 0x000001ee146b19d0,
0x000001ee146b54c0, 0x000001ee146b5b60
}

Java Threads: ( => current thread )
  0x000001edb77eab50 JavaThread "main"                              [_thread_blocked, id=31048, stack(0x000000ed91900000,0x000000ed91a00000) (1024K)]
  0x000001edd03282a0 JavaThread "Reference Handler"          daemon [_thread_blocked, id=22964, stack(0x000000ed91d00000,0x000000ed91e00000) (1024K)]
  0x000001edb92e1f90 JavaThread "Finalizer"                  daemon [_thread_blocked, id=21352, stack(0x000000ed91e00000,0x000000ed91f00000) (1024K)]
  0x000001edb92e4b00 JavaThread "Signal Dispatcher"          daemon [_thread_blocked, id=25800, stack(0x000000ed91f00000,0x000000ed92000000) (1024K)]
  0x000001edb92e5c30 JavaThread "Attach Listener"            daemon [_thread_blocked, id=21616, stack(0x000000ed92000000,0x000000ed92100000) (1024K)]
  0x000001edd0329fb0 JavaThread "Service Thread"             daemon [_thread_blocked, id=27748, stack(0x000000ed92100000,0x000000ed92200000) (1024K)]
  0x000001edb92ec700 JavaThread "Monitor Deflation Thread"   daemon [_thread_blocked, id=30968, stack(0x000000ed92200000,0x000000ed92300000) (1024K)]
=>0x000001edb92f18e0 JavaThread "C2 CompilerThread0"         daemon [_thread_in_native, id=17168, stack(0x000000ed92300000,0x000000ed92400000) (1024K)]
  0x000001edb92f6130 JavaThread "C1 CompilerThread0"         daemon [_thread_blocked, id=32692, stack(0x000000ed92400000,0x000000ed92500000) (1024K)]
  0x000001ee12ad35e0 JavaThread "Common-Cleaner"             daemon [_thread_blocked, id=31044, stack(0x000000ed92900000,0x000000ed92a00000) (1024K)]
  0x000001ee14116e40 JavaThread "Notification Thread"        daemon [_thread_blocked, id=16040, stack(0x000000ed92a00000,0x000000ed92b00000) (1024K)]
  0x000001ee1906e3f0 JavaThread "Active Thread: Equinox Container: 6fb39c62-cf1e-4621-83f4-94ab65f960e1"        [_thread_blocked, id=32276, stack(0x000000ed93800000,0x000000ed93900000) (1024K)]
  0x000001ee1906ea80 JavaThread "Framework Event Dispatcher: Equinox Container: 6fb39c62-cf1e-4621-83f4-94ab65f960e1" daemon [_thread_blocked, id=25064, stack(0x000000ed92600000,0x000000ed92700000) (1024K)]
  0x000001ee1906c320 JavaThread "Start Level: Equinox Container: 6fb39c62-cf1e-4621-83f4-94ab65f960e1" daemon [_thread_blocked, id=37880, stack(0x000000ed92700000,0x000000ed92800000) (1024K)]
  0x000001ee1906c9b0 JavaThread "Refresh Thread: Equinox Container: 6fb39c62-cf1e-4621-83f4-94ab65f960e1" daemon [_thread_blocked, id=19812, stack(0x000000ed93a00000,0x000000ed93b00000) (1024K)]
  0x000001ee19658210 JavaThread "Bundle File Closer"         daemon [_thread_blocked, id=1888, stack(0x000000ed92800000,0x000000ed92900000) (1024K)]
  0x000001ee1965bd20 JavaThread "SCR Component Actor"        daemon [_thread_blocked, id=26932, stack(0x000000ed92500000,0x000000ed92600000) (1024K)]
  0x000001ee192bce00 JavaThread "C2 CompilerThread1"         daemon [_thread_blocked, id=31608, stack(0x000000ed93c00000,0x000000ed93d00000) (1024K)]
  0x000001ee196588a0 JavaThread "Worker-JM"                         [_thread_blocked, id=9728, stack(0x000000ed94700000,0x000000ed94800000) (1024K)]
  0x000001ee196595c0 JavaThread "Worker-0: Repository registry initialization"        [_thread_blocked, id=31136, stack(0x000000ed94d00000,0x000000ed94e00000) (1024K)]
  0x000001ee1965c3b0 JavaThread "Worker-1: Updating Maven Dependencies"        [_thread_blocked, id=30704, stack(0x000000ed94e00000,0x000000ed94f00000) (1024K)]
  0x000001ee1965a970 JavaThread "Worker-2"                          [_thread_blocked, id=21068, stack(0x000000ed93500000,0x000000ed93600000) (1024K)]
  0x000001ee19658f30 JavaThread "Worker-3"                          [_thread_blocked, id=20736, stack(0x000000ed93600000,0x000000ed93700000) (1024K)]
  0x000001ee146b19d0 JavaThread "C2 CompilerThread2"         daemon [_thread_blocked, id=12172, stack(0x000000ed93200000,0x000000ed93300000) (1024K)]
  0x000001ee146b54c0 JavaThread "C2 CompilerThread3"         daemon [_thread_blocked, id=11392, stack(0x000000ed93300000,0x000000ed93400000) (1024K)]
  0x000001ee146b5b60 JavaThread "C2 CompilerThread4"         daemon [_thread_blocked, id=14724, stack(0x000000ed93400000,0x000000ed93500000) (1024K)]
Total: 26

Other Threads:
  0x000001edb92e0880 VMThread "VM Thread"                           [id=30900, stack(0x000000ed91c00000,0x000000ed91d00000) (1024K)] _threads_hazard_ptr=0x000001ee198df350
  0x000001edd020ca10 WatcherThread "VM Periodic Task Thread"        [id=40316, stack(0x000000ed91b00000,0x000000ed91c00000) (1024K)]
  0x000001edb92615d0 WorkerThread "GC Thread#0"                     [id=33992, stack(0x000000ed91a00000,0x000000ed91b00000) (1024K)]
  0x000001ee190bf060 WorkerThread "GC Thread#1"                     [id=7504, stack(0x000000ed92c00000,0x000000ed92d00000) (1024K)]
  0x000001ee14480140 WorkerThread "GC Thread#2"                     [id=38576, stack(0x000000ed92d00000,0x000000ed92e00000) (1024K)]
  0x000001ee141dcf20 WorkerThread "GC Thread#3"                     [id=17016, stack(0x000000ed92e00000,0x000000ed92f00000) (1024K)]
  0x000001ee141dd2c0 WorkerThread "GC Thread#4"                     [id=34924, stack(0x000000ed92f00000,0x000000ed93000000) (1024K)]
  0x000001ee1428d540 WorkerThread "GC Thread#5"                     [id=40772, stack(0x000000ed93000000,0x000000ed93100000) (1024K)]
  0x000001ee1428e500 WorkerThread "GC Thread#6"                     [id=24812, stack(0x000000ed93100000,0x000000ed93200000) (1024K)]
  0x000001ee19137100 WorkerThread "GC Thread#7"                     [id=9308, stack(0x000000ed93900000,0x000000ed93a00000) (1024K)]
  0x000001ee19317c00 WorkerThread "GC Thread#8"                     [id=2304, stack(0x000000ed94a00000,0x000000ed94b00000) (1024K)]
  0x000001ee19317860 WorkerThread "GC Thread#9"                     [id=23324, stack(0x000000ed94b00000,0x000000ed94c00000) (1024K)]
  0x000001ee19317fa0 WorkerThread "GC Thread#10"                    [id=38736, stack(0x000000ed94c00000,0x000000ed94d00000) (1024K)]
  0x000001ee19316d80 WorkerThread "GC Thread#11"                    [id=12924, stack(0x000000ed94800000,0x000000ed94900000) (1024K)]
  0x000001ee19317120 WorkerThread "GC Thread#12"                    [id=18068, stack(0x000000ed94900000,0x000000ed94a00000) (1024K)]
Total: 15

Threads with active compile tasks:
C2 CompilerThread0  25485 4661   !   4       org.eclipse.osgi.internal.loader.classpath.ClasspathManager::findClassImpl (328 bytes)
C1 CompilerThread0  25485 4745       3       java.util.concurrent.locks.AbstractQueuedSynchronizer$Node::clearStatus (12 bytes)
C2 CompilerThread1  25485 4689       4       org.eclipse.osgi.internal.serviceregistry.ServiceRegistry::notifyHooksPrivileged (57 bytes)
C2 CompilerThread2  25486 4711   !   4       java.util.zip.InflaterInputStream::read (129 bytes)
C2 CompilerThread3  25486 4724       4       org.lombokweb.asm.ClassReader::readMethod (1070 bytes)
C2 CompilerThread4  25486 4719       4       lombok.patcher.PatchScript$MethodPatcher::visitMethod (158 bytes)
Total: 6

VM state: synchronizing (normal execution)

VM Mutex/Monitor currently owned by a thread:  ([mutex/lock_event])
[0x00007ffbc939d570] Threads_lock - owner thread: 0x000001edb92e0880

Heap address: 0x0000000080000000, size: 2048 MB, Compressed Oops mode: 32-bit

CDS archive(s) mapped at: [0x000001edd1000000-0x000001edd1ba0000-0x000001edd1ba0000), size 12189696, SharedBaseAddress: 0x000001edd1000000, ArchiveRelocationMode: 1.
Compressed class space mapped at: 0x000001edd2000000-0x000001ee12000000, reserved size: 1073741824
Narrow klass base: 0x000001edd1000000, Narrow klass shift: 0, Narrow klass range: 0x100000000

GC Precious Log:
 CardTable entry size: 512
 CPUs: 16 total, 16 available
 Memory: 32666M
 Large Page Support: Disabled
 NUMA Support: Disabled
 Compressed Oops: Enabled (32-bit)
 Alignments: Space 512K, Generation 512K, Heap 2M
 Heap Min Capacity: 100M
 Heap Initial Capacity: 100M
 Heap Max Capacity: 2G
 Pre-touch: Disabled
 Parallel Workers: 13

Heap:
 PSYoungGen      total 24064K, used 9155K [0x00000000d5580000, 0x00000000d7180000, 0x0000000100000000)
  eden space 23040K, 36% used [0x00000000d5580000,0x00000000d5da0d78,0x00000000d6c00000)
  from space 1024K, 81% used [0x00000000d7080000,0x00000000d7150000,0x00000000d7180000)
  to   space 1536K, 0% used [0x00000000d6e80000,0x00000000d6e80000,0x00000000d7000000)
 ParOldGen       total 68608K, used 12739K [0x0000000080000000, 0x0000000084300000, 0x00000000d5580000)
  object space 68608K, 18% used [0x0000000080000000,0x0000000080c70c38,0x0000000084300000)
 Metaspace       used 27483K, committed 28288K, reserved 1114112K
  class space    used 2777K, committed 3136K, reserved 1048576K

Card table byte_map: [0x000001edcb670000,0x000001edcba80000] _byte_map_base: 0x000001edcb270000

Marking Bits: (ParMarkBitMap*) 0x00007ffbc93a2460
 Begin Bits: [0x000001edcbd30000, 0x000001edcdd30000)
 End Bits:   [0x000001edcdd30000, 0x000001edcfd30000)

Polling page: 0x000001edb7790000

Metaspace:

Usage:
  Non-class:     24.13 MB used.
      Class:      2.71 MB used.
       Both:     26.84 MB used.

Virtual space:
  Non-class space:       64.00 MB reserved,      24.56 MB ( 38%) committed,  1 nodes.
      Class space:        1.00 GB reserved,       3.06 MB ( <1%) committed,  1 nodes.
             Both:        1.06 GB reserved,      27.62 MB (  3%) committed. 

Chunk freelists:
   Non-Class:  6.69 MB
       Class:  12.82 MB
        Both:  19.50 MB

MaxMetaspaceSize: unlimited
CompressedClassSpaceSize: 1.00 GB
Initial GC threshold: 21.00 MB
Current GC threshold: 35.00 MB
CDS: on
 - commit_granule_bytes: 65536.
 - commit_granule_words: 8192.
 - virtual_space_node_default_size: 8388608.
 - enlarge_chunks_in_place: 1.
 - use_allocation_guard: 0.


Internal statistics:

num_allocs_failed_limit: 3.
num_arena_births: 642.
num_arena_deaths: 14.
num_vsnodes_births: 2.
num_vsnodes_deaths: 0.
num_space_committed: 442.
num_space_uncommitted: 0.
num_chunks_returned_to_freelist: 17.
num_chunks_taken_from_freelist: 1780.
num_chunk_merges: 8.
num_chunk_splits: 1119.
num_chunks_enlarged: 659.
num_inconsistent_stats: 0.

CodeHeap 'non-profiled nmethods': size=119168Kb used=2135Kb max_used=2135Kb free=117032Kb
 bounds [0x000001edc4030000, 0x000001edc42a0000, 0x000001edcb490000]
CodeHeap 'profiled nmethods': size=119104Kb used=10290Kb max_used=10290Kb free=108813Kb
 bounds [0x000001edbc490000, 0x000001edbcea0000, 0x000001edc38e0000]
CodeHeap 'non-nmethods': size=7488Kb used=1323Kb max_used=3009Kb free=6164Kb
 bounds [0x000001edc38e0000, 0x000001edc3be0000, 0x000001edc4030000]
CodeCache: size=245760Kb, used=13748Kb, max_used=15434Kb, free=232009Kb
 total_blobs=5339, nmethods=4729, adapters=516, full_count=0
Compilation: enabled, stopped_count=0, restarted_count=0

Compilation events (20 events):
Event: 20.397 Thread 0x000001ee146b19d0 4707       4       jdk.internal.org.objectweb.asm.Frame::push (109 bytes)
Event: 20.397 Thread 0x000001ee146b5b60 nmethod 4691 0x000001edc4240310 code [0x000001edc4240520, 0x000001edc42413b0]
Event: 20.400 Thread 0x000001ee146b19d0 nmethod 4707 0x000001edc4241a10 code [0x000001edc4241ba0, 0x000001edc4241dc8]
Event: 20.402 Thread 0x000001ee146b19d0 4709       4       org.eclipse.osgi.internal.framework.EquinoxBundle::getVersion (11 bytes)
Event: 20.404 Thread 0x000001ee146b5b60 4710       4       java.util.concurrent.locks.ReentrantLock$Sync::isHeldExclusively (16 bytes)
Event: 20.405 Thread 0x000001ee146b5b60 nmethod 4710 0x000001edc4241f10 code [0x000001edc42420a0, 0x000001edc4242148]
Event: 20.406 Thread 0x000001ee146b19d0 nmethod 4709 0x000001edc4242210 code [0x000001edc42423e0, 0x000001edc42427b0]
Event: 20.407 Thread 0x000001ee146b19d0 4711   !   4       java.util.zip.InflaterInputStream::read (129 bytes)
Event: 20.409 Thread 0x000001edb92f6130 4712       3       org.lombokweb.asm.SymbolTable::<init> (554 bytes)
Event: 20.409 Thread 0x000001ee145c76a0 4713       3       org.lombokweb.asm.SymbolTable::hash (14 bytes)
Event: 20.409 Thread 0x000001ee145c76a0 nmethod 4713 0x000001edbce8ac90 code [0x000001edbce8ae20, 0x000001edbce8af28]
Event: 20.410 Thread 0x000001ee146b5b60 4714       4       org.lombokweb.asm.MethodVisitor::<init> (79 bytes)
Event: 20.410 Thread 0x000001ee145c76a0 4716       3       java.util.stream.AbstractPipeline::spliterator (116 bytes)
Event: 20.410 Thread 0x000001ee145c76a0 nmethod 4716 0x000001edbce8af90 code [0x000001edbce8b200, 0x000001edbce8bc58]
Event: 20.410 Thread 0x000001ee146b54c0 nmethod 4698 0x000001edc4242a90 code [0x000001edc4242d20, 0x000001edc4244310]
Event: 20.411 Thread 0x000001ee145c76a0 4718       3       org.lombokweb.asm.ClassReader::readStackMapFrame (535 bytes)
Event: 20.411 Thread 0x000001ee146b5b60 nmethod 4714 0x000001edc4244f90 code [0x000001edc4245120, 0x000001edc42451f8]
Event: 20.411 Thread 0x000001edb92f6130 nmethod 4712 0x000001edbce8bf90 code [0x000001edbce8c560, 0x000001edbce8ee98]
Event: 20.411 Thread 0x000001ee146b5b60 4719       4       lombok.patcher.PatchScript$MethodPatcher::visitMethod (158 bytes)
Event: 20.412 Thread 0x000001ee145c76a0 nmethod 4718 0x000001edbce90090 code [0x000001edbce90340, 0x000001edbce91310]

GC Heap History (20 events):
Event: 1.085 GC heap before
{Heap before GC invocations=2 (full 0):
 PSYoungGen      total 29696K, used 29147K [0x00000000d5580000, 0x00000000d7680000, 0x0000000100000000)
  eden space 25600K, 100% used [0x00000000d5580000,0x00000000d6e80000,0x00000000d6e80000)
  from space 4096K, 86% used [0x00000000d6e80000,0x00000000d71f6ff8,0x00000000d7280000)
  to   space 4096K, 0% used [0x00000000d7280000,0x00000000d7280000,0x00000000d7680000)
 ParOldGen       total 68608K, used 16K [0x0000000080000000, 0x0000000084300000, 0x00000000d5580000)
  object space 68608K, 0% used [0x0000000080000000,0x0000000080004000,0x0000000084300000)
 Metaspace       used 8283K, committed 8576K, reserved 1114112K
  class space    used 879K, committed 1024K, reserved 1048576K
}
Event: 1.089 GC heap after
{Heap after GC invocations=2 (full 0):
 PSYoungGen      total 29696K, used 4055K [0x00000000d5580000, 0x00000000d7680000, 0x0000000100000000)
  eden space 25600K, 0% used [0x00000000d5580000,0x00000000d5580000,0x00000000d6e80000)
  from space 4096K, 99% used [0x00000000d7280000,0x00000000d7675e88,0x00000000d7680000)
  to   space 4096K, 0% used [0x00000000d6e80000,0x00000000d6e80000,0x00000000d7280000)
 ParOldGen       total 68608K, used 32K [0x0000000080000000, 0x0000000084300000, 0x00000000d5580000)
  object space 68608K, 0% used [0x0000000080000000,0x0000000080008000,0x0000000084300000)
 Metaspace       used 8283K, committed 8576K, reserved 1114112K
  class space    used 879K, committed 1024K, reserved 1048576K
}
Event: 5.216 GC heap before
{Heap before GC invocations=3 (full 0):
 PSYoungGen      total 29696K, used 29655K [0x00000000d5580000, 0x00000000d7680000, 0x0000000100000000)
  eden space 25600K, 100% used [0x00000000d5580000,0x00000000d6e80000,0x00000000d6e80000)
  from space 4096K, 99% used [0x00000000d7280000,0x00000000d7675e88,0x00000000d7680000)
  to   space 4096K, 0% used [0x00000000d6e80000,0x00000000d6e80000,0x00000000d7280000)
 ParOldGen       total 68608K, used 32K [0x0000000080000000, 0x0000000084300000, 0x00000000d5580000)
  object space 68608K, 0% used [0x0000000080000000,0x0000000080008000,0x0000000084300000)
 Metaspace       used 8802K, committed 9152K, reserved 1114112K
  class space    used 915K, committed 1088K, reserved 1048576K
}
Event: 5.221 GC heap after
{Heap after GC invocations=3 (full 0):
 PSYoungGen      total 29696K, used 4094K [0x00000000d5580000, 0x00000000d7680000, 0x0000000100000000)
  eden space 25600K, 0% used [0x00000000d5580000,0x00000000d5580000,0x00000000d6e80000)
  from space 4096K, 99% used [0x00000000d6e80000,0x00000000d727fa98,0x00000000d7280000)
  to   space 4096K, 0% used [0x00000000d7280000,0x00000000d7280000,0x00000000d7680000)
 ParOldGen       total 68608K, used 4556K [0x0000000080000000, 0x0000000084300000, 0x00000000d5580000)
  object space 68608K, 6% used [0x0000000080000000,0x00000000804730e0,0x0000000084300000)
 Metaspace       used 8802K, committed 9152K, reserved 1114112K
  class space    used 915K, committed 1088K, reserved 1048576K
}
Event: 5.480 GC heap before
{Heap before GC invocations=4 (full 0):
 PSYoungGen      total 29696K, used 29694K [0x00000000d5580000, 0x00000000d7680000, 0x0000000100000000)
  eden space 25600K, 100% used [0x00000000d5580000,0x00000000d6e80000,0x00000000d6e80000)
  from space 4096K, 99% used [0x00000000d6e80000,0x00000000d727fa98,0x00000000d7280000)
  to   space 4096K, 0% used [0x00000000d7280000,0x00000000d7280000,0x00000000d7680000)
 ParOldGen       total 68608K, used 4556K [0x0000000080000000, 0x0000000084300000, 0x00000000d5580000)
  object space 68608K, 6% used [0x0000000080000000,0x00000000804730e0,0x0000000084300000)
 Metaspace       used 10060K, committed 10368K, reserved 1114112K
  class space    used 1047K, committed 1152K, reserved 1048576K
}
Event: 5.483 GC heap after
{Heap after GC invocations=4 (full 0):
 PSYoungGen      total 29696K, used 4079K [0x00000000d5580000, 0x00000000d7680000, 0x0000000100000000)
  eden space 25600K, 0% used [0x00000000d5580000,0x00000000d5580000,0x00000000d6e80000)
  from space 4096K, 99% used [0x00000000d7280000,0x00000000d767be68,0x00000000d7680000)
  to   space 4096K, 0% used [0x00000000d6e80000,0x00000000d6e80000,0x00000000d7280000)
 ParOldGen       total 68608K, used 6352K [0x0000000080000000, 0x0000000084300000, 0x00000000d5580000)
  object space 68608K, 9% used [0x0000000080000000,0x0000000080634180,0x0000000084300000)
 Metaspace       used 10060K, committed 10368K, reserved 1114112K
  class space    used 1047K, committed 1152K, reserved 1048576K
}
Event: 11.445 GC heap before
{Heap before GC invocations=5 (full 0):
 PSYoungGen      total 29696K, used 29679K [0x00000000d5580000, 0x00000000d7680000, 0x0000000100000000)
  eden space 25600K, 100% used [0x00000000d5580000,0x00000000d6e80000,0x00000000d6e80000)
  from space 4096K, 99% used [0x00000000d7280000,0x00000000d767be68,0x00000000d7680000)
  to   space 4096K, 0% used [0x00000000d6e80000,0x00000000d6e80000,0x00000000d7280000)
 ParOldGen       total 68608K, used 6352K [0x0000000080000000, 0x0000000084300000, 0x00000000d5580000)
  object space 68608K, 9% used [0x0000000080000000,0x0000000080634180,0x0000000084300000)
 Metaspace       used 11867K, committed 12288K, reserved 1114112K
  class space    used 1227K, committed 1408K, reserved 1048576K
}
Event: 11.447 GC heap after
{Heap after GC invocations=5 (full 0):
 PSYoungGen      total 29184K, used 4078K [0x00000000d5580000, 0x00000000d7900000, 0x0000000100000000)
  eden space 25088K, 0% used [0x00000000d5580000,0x00000000d5580000,0x00000000d6e00000)
  from space 4096K, 99% used [0x00000000d6e80000,0x00000000d727b8a8,0x00000000d7280000)
  to   space 5632K, 0% used [0x00000000d7380000,0x00000000d7380000,0x00000000d7900000)
 ParOldGen       total 68608K, used 7163K [0x0000000080000000, 0x0000000084300000, 0x00000000d5580000)
  object space 68608K, 10% used [0x0000000080000000,0x00000000806feda8,0x0000000084300000)
 Metaspace       used 11867K, committed 12288K, reserved 1114112K
  class space    used 1227K, committed 1408K, reserved 1048576K
}
Event: 12.672 GC heap before
{Heap before GC invocations=6 (full 0):
 PSYoungGen      total 29184K, used 29166K [0x00000000d5580000, 0x00000000d7900000, 0x0000000100000000)
  eden space 25088K, 100% used [0x00000000d5580000,0x00000000d6e00000,0x00000000d6e00000)
  from space 4096K, 99% used [0x00000000d6e80000,0x00000000d727b8a8,0x00000000d7280000)
  to   space 5632K, 0% used [0x00000000d7380000,0x00000000d7380000,0x00000000d7900000)
 ParOldGen       total 68608K, used 7163K [0x0000000080000000, 0x0000000084300000, 0x00000000d5580000)
  object space 68608K, 10% used [0x0000000080000000,0x00000000806feda8,0x0000000084300000)
 Metaspace       used 15208K, committed 15744K, reserved 1114112K
  class space    used 1532K, committed 1728K, reserved 1048576K
}
Event: 12.675 GC heap after
{Heap after GC invocations=6 (full 0):
 PSYoungGen      total 30208K, used 5456K [0x00000000d5580000, 0x00000000d7900000, 0x0000000100000000)
  eden space 24576K, 0% used [0x00000000d5580000,0x00000000d5580000,0x00000000d6d80000)
  from space 5632K, 96% used [0x00000000d7380000,0x00000000d78d4050,0x00000000d7900000)
  to   space 5632K, 0% used [0x00000000d6e00000,0x00000000d6e00000,0x00000000d7380000)
 ParOldGen       total 68608K, used 7171K [0x0000000080000000, 0x0000000084300000, 0x00000000d5580000)
  object space 68608K, 10% used [0x0000000080000000,0x0000000080700da8,0x0000000084300000)
 Metaspace       used 15208K, committed 15744K, reserved 1114112K
  class space    used 1532K, committed 1728K, reserved 1048576K
}
Event: 17.007 GC heap before
{Heap before GC invocations=7 (full 0):
 PSYoungGen      total 30208K, used 30032K [0x00000000d5580000, 0x00000000d7900000, 0x0000000100000000)
  eden space 24576K, 100% used [0x00000000d5580000,0x00000000d6d80000,0x00000000d6d80000)
  from space 5632K, 96% used [0x00000000d7380000,0x00000000d78d4050,0x00000000d7900000)
  to   space 5632K, 0% used [0x00000000d6e00000,0x00000000d6e00000,0x00000000d7380000)
 ParOldGen       total 68608K, used 7171K [0x0000000080000000, 0x0000000084300000, 0x00000000d5580000)
  object space 68608K, 10% used [0x0000000080000000,0x0000000080700da8,0x0000000084300000)
 Metaspace       used 18248K, committed 19008K, reserved 1114112K
  class space    used 1861K, committed 2176K, reserved 1048576K
}
Event: 18.010 GC heap after
{Heap after GC invocations=7 (full 0):
 PSYoungGen      total 28672K, used 4415K [0x00000000d5580000, 0x00000000d7700000, 0x0000000100000000)
  eden space 24064K, 0% used [0x00000000d5580000,0x00000000d5580000,0x00000000d6d00000)
  from space 4608K, 95% used [0x00000000d6e00000,0x00000000d724fd68,0x00000000d7280000)
  to   space 4608K, 0% used [0x00000000d7280000,0x00000000d7280000,0x00000000d7700000)
 ParOldGen       total 68608K, used 8175K [0x0000000080000000, 0x0000000084300000, 0x00000000d5580000)
  object space 68608K, 11% used [0x0000000080000000,0x00000000807fbe40,0x0000000084300000)
 Metaspace       used 18248K, committed 19008K, reserved 1114112K
  class space    used 1861K, committed 2176K, reserved 1048576K
}
Event: 18.191 GC heap before
{Heap before GC invocations=8 (full 0):
 PSYoungGen      total 28672K, used 28317K [0x00000000d5580000, 0x00000000d7700000, 0x0000000100000000)
  eden space 24064K, 99% used [0x00000000d5580000,0x00000000d6cd7720,0x00000000d6d00000)
  from space 4608K, 95% used [0x00000000d6e00000,0x00000000d724fd68,0x00000000d7280000)
  to   space 4608K, 0% used [0x00000000d7280000,0x00000000d7280000,0x00000000d7700000)
 ParOldGen       total 68608K, used 8175K [0x0000000080000000, 0x0000000084300000, 0x00000000d5580000)
  object space 68608K, 11% used [0x0000000080000000,0x00000000807fbe40,0x0000000084300000)
 Metaspace       used 20754K, committed 21504K, reserved 1114112K
  class space    used 2122K, committed 2432K, reserved 1048576K
}
Event: 20.204 GC heap after
{Heap after GC invocations=8 (full 0):
 PSYoungGen      total 28672K, used 4601K [0x00000000d5580000, 0x00000000d7700000, 0x0000000100000000)
  eden space 24064K, 0% used [0x00000000d5580000,0x00000000d5580000,0x00000000d6d00000)
  from space 4608K, 99% used [0x00000000d7280000,0x00000000d76fe600,0x00000000d7700000)
  to   space 4608K, 0% used [0x00000000d6e00000,0x00000000d6e00000,0x00000000d7280000)
 ParOldGen       total 68608K, used 9407K [0x0000000080000000, 0x0000000084300000, 0x00000000d5580000)
  object space 68608K, 13% used [0x0000000080000000,0x000000008092fea8,0x0000000084300000)
 Metaspace       used 20754K, committed 21504K, reserved 1114112K
  class space    used 2122K, committed 2432K, reserved 1048576K
}
Event: 20.204 GC heap before
{Heap before GC invocations=9 (full 1):
 PSYoungGen      total 28672K, used 4601K [0x00000000d5580000, 0x00000000d7700000, 0x0000000100000000)
  eden space 24064K, 0% used [0x00000000d5580000,0x00000000d5580000,0x00000000d6d00000)
  from space 4608K, 99% used [0x00000000d7280000,0x00000000d76fe600,0x00000000d7700000)
  to   space 4608K, 0% used [0x00000000d6e00000,0x00000000d6e00000,0x00000000d7280000)
 ParOldGen       total 68608K, used 9407K [0x0000000080000000, 0x0000000084300000, 0x00000000d5580000)
  object space 68608K, 13% used [0x0000000080000000,0x000000008092fea8,0x0000000084300000)
 Metaspace       used 20754K, committed 21504K, reserved 1114112K
  class space    used 2122K, committed 2432K, reserved 1048576K
}
Event: 20.224 GC heap after
{Heap after GC invocations=9 (full 1):
 PSYoungGen      total 28672K, used 0K [0x00000000d5580000, 0x00000000d7700000, 0x0000000100000000)
  eden space 24064K, 0% used [0x00000000d5580000,0x00000000d5580000,0x00000000d6d00000)
  from space 4608K, 0% used [0x00000000d7280000,0x00000000d7280000,0x00000000d7700000)
  to   space 4608K, 0% used [0x00000000d6e00000,0x00000000d6e00000,0x00000000d7280000)
 ParOldGen       total 68608K, used 12723K [0x0000000080000000, 0x0000000084300000, 0x00000000d5580000)
  object space 68608K, 18% used [0x0000000080000000,0x0000000080c6cc38,0x0000000084300000)
 Metaspace       used 20742K, committed 21504K, reserved 1114112K
  class space    used 2118K, committed 2432K, reserved 1048576K
}
Event: 20.295 GC heap before
{Heap before GC invocations=10 (full 1):
 PSYoungGen      total 28672K, used 24064K [0x00000000d5580000, 0x00000000d7700000, 0x0000000100000000)
  eden space 24064K, 100% used [0x00000000d5580000,0x00000000d6d00000,0x00000000d6d00000)
  from space 4608K, 0% used [0x00000000d7280000,0x00000000d7280000,0x00000000d7700000)
  to   space 4608K, 0% used [0x00000000d6e00000,0x00000000d6e00000,0x00000000d7280000)
 ParOldGen       total 68608K, used 12723K [0x0000000080000000, 0x0000000084300000, 0x00000000d5580000)
  object space 68608K, 18% used [0x0000000080000000,0x0000000080c6cc38,0x0000000084300000)
 Metaspace       used 22942K, committed 23872K, reserved 1114112K
  class space    used 2317K, committed 2752K, reserved 1048576K
}
Event: 20.296 GC heap after
{Heap after GC invocations=10 (full 1):
 PSYoungGen      total 24576K, used 536K [0x00000000d5580000, 0x00000000d7300000, 0x0000000100000000)
  eden space 23552K, 0% used [0x00000000d5580000,0x00000000d5580000,0x00000000d6c80000)
  from space 1024K, 52% used [0x00000000d6e00000,0x00000000d6e86258,0x00000000d6f00000)
  to   space 2560K, 0% used [0x00000000d7080000,0x00000000d7080000,0x00000000d7300000)
 ParOldGen       total 68608K, used 12731K [0x0000000080000000, 0x0000000084300000, 0x00000000d5580000)
  object space 68608K, 18% used [0x0000000080000000,0x0000000080c6ec38,0x0000000084300000)
 Metaspace       used 22942K, committed 23872K, reserved 1114112K
  class space    used 2317K, committed 2752K, reserved 1048576K
}
Event: 20.403 GC heap before
{Heap before GC invocations=11 (full 1):
 PSYoungGen      total 24576K, used 24088K [0x00000000d5580000, 0x00000000d7300000, 0x0000000100000000)
  eden space 23552K, 100% used [0x00000000d5580000,0x00000000d6c80000,0x00000000d6c80000)
  from space 1024K, 52% used [0x00000000d6e00000,0x00000000d6e86258,0x00000000d6f00000)
  to   space 2560K, 0% used [0x00000000d7080000,0x00000000d7080000,0x00000000d7300000)
 ParOldGen       total 68608K, used 12731K [0x0000000080000000, 0x0000000084300000, 0x00000000d5580000)
  object space 68608K, 18% used [0x0000000080000000,0x0000000080c6ec38,0x0000000084300000)
 Metaspace       used 26630K, committed 27456K, reserved 1114112K
  class space    used 2698K, committed 3072K, reserved 1048576K
}
Event: 20.404 GC heap after
{Heap after GC invocations=11 (full 1):
 PSYoungGen      total 24064K, used 832K [0x00000000d5580000, 0x00000000d7180000, 0x0000000100000000)
  eden space 23040K, 0% used [0x00000000d5580000,0x00000000d5580000,0x00000000d6c00000)
  from space 1024K, 81% used [0x00000000d7080000,0x00000000d7150000,0x00000000d7180000)
  to   space 1536K, 0% used [0x00000000d6e80000,0x00000000d6e80000,0x00000000d7000000)
 ParOldGen       total 68608K, used 12739K [0x0000000080000000, 0x0000000084300000, 0x00000000d5580000)
  object space 68608K, 18% used [0x0000000080000000,0x0000000080c70c38,0x0000000084300000)
 Metaspace       used 26630K, committed 27456K, reserved 1114112K
  class space    used 2698K, committed 3072K, reserved 1048576K
}

Dll operation events (11 events):
Event: 0.007 Loaded shared library c:\Users\admin\.cursor\extensions\redhat.java-1.50.0-win32-x64\jre\21.0.9-win32-x86_64\bin\java.dll
Event: 0.159 Loaded shared library c:\Users\admin\.cursor\extensions\redhat.java-1.50.0-win32-x64\jre\21.0.9-win32-x86_64\bin\zip.dll
Event: 0.202 Loaded shared library C:\Users\admin\.cursor\extensions\redhat.java-1.50.0-win32-x64\jre\21.0.9-win32-x86_64\bin\instrument.dll
Event: 0.206 Loaded shared library C:\Users\admin\.cursor\extensions\redhat.java-1.50.0-win32-x64\jre\21.0.9-win32-x86_64\bin\net.dll
Event: 0.208 Loaded shared library C:\Users\admin\.cursor\extensions\redhat.java-1.50.0-win32-x64\jre\21.0.9-win32-x86_64\bin\nio.dll
Event: 0.210 Loaded shared library C:\Users\admin\.cursor\extensions\redhat.java-1.50.0-win32-x64\jre\21.0.9-win32-x86_64\bin\zip.dll
Event: 0.224 Loaded shared library C:\Users\admin\.cursor\extensions\redhat.java-1.50.0-win32-x64\jre\21.0.9-win32-x86_64\bin\jimage.dll
Event: 0.289 Loaded shared library c:\Users\admin\.cursor\extensions\redhat.java-1.50.0-win32-x64\jre\21.0.9-win32-x86_64\bin\verify.dll
Event: 5.213 Loaded shared library C:\Users\admin\AppData\Roaming\Cursor\User\globalStorage\redhat.java\1.50.0\config_win\org.eclipse.equinox.launcher\org.eclipse.equinox.launcher.win32.win32.x86_64_1.2.1400.v20250801-0854\eclipse_11916.dll
Event: 12.730 Loaded shared library C:\Users\admin\.cursor\extensions\redhat.java-1.50.0-win32-x64\jre\21.0.9-win32-x86_64\bin\management.dll
Event: 12.733 Loaded shared library C:\Users\admin\.cursor\extensions\redhat.java-1.50.0-win32-x64\jre\21.0.9-win32-x86_64\bin\management_ext.dll

Deoptimization events (20 events):
Event: 20.243 Thread 0x000001ee1906c320 DEOPT PACKING pc=0x000001edc421a400 sp=0x000000ed927ef4a0
Event: 20.243 Thread 0x000001ee1906c320 DEOPT UNPACKING pc=0x000001edc3933aa2 sp=0x000000ed927ef488 mode 2
Event: 20.246 Thread 0x000001ee196595c0 Uncommon trap: trap_request=0xffffff45 fr.pc=0x000001edc419f038 relative=0x0000000000000c78
Event: 20.246 Thread 0x000001ee196595c0 Uncommon trap: reason=unstable_if action=reinterpret pc=0x000001edc419f038 method=java.io.BufferedInputStream.implRead([BII)I @ 30 c2
Event: 20.246 Thread 0x000001ee196595c0 DEOPT PACKING pc=0x000001edc419f038 sp=0x000000ed94dfec10
Event: 20.246 Thread 0x000001ee196595c0 DEOPT UNPACKING pc=0x000001edc3933aa2 sp=0x000000ed94dfeb78 mode 2
Event: 20.246 Thread 0x000001ee196595c0 Uncommon trap: trap_request=0xffffff76 fr.pc=0x000001edc41c2998 relative=0x0000000000000398
Event: 20.246 Thread 0x000001ee196595c0 Uncommon trap: reason=predicate action=maybe_recompile pc=0x000001edc41c2998 method=java.util.regex.Pattern$BmpCharPropertyGreedy.match(Ljava/util/regex/Matcher;ILjava/lang/CharSequence;)Z @ 12 c2
Event: 20.246 Thread 0x000001ee196595c0 DEOPT PACKING pc=0x000001edc41c2998 sp=0x000000ed94dfe9d0
Event: 20.246 Thread 0x000001ee196595c0 DEOPT UNPACKING pc=0x000001edc3933aa2 sp=0x000000ed94dfe978 mode 2
Event: 20.263 Thread 0x000001ee1906c320 DEOPT PACKING pc=0x000001edbcaa2ee4 sp=0x000000ed927f15f0
Event: 20.264 Thread 0x000001ee1906c320 DEOPT UNPACKING pc=0x000001edc3934242 sp=0x000000ed927f0b88 mode 0
Event: 20.264 Thread 0x000001ee1906c320 DEOPT PACKING pc=0x000001edbcaa2fdc sp=0x000000ed927f33d0
Event: 20.264 Thread 0x000001ee1906c320 DEOPT UNPACKING pc=0x000001edc3934242 sp=0x000000ed927f2968 mode 0
Event: 20.264 Thread 0x000001ee1906c320 DEOPT PACKING pc=0x000001edbcaa2fdc sp=0x000000ed927f51b0
Event: 20.264 Thread 0x000001ee1906c320 DEOPT UNPACKING pc=0x000001edc3934242 sp=0x000000ed927f4748 mode 0
Event: 20.392 Thread 0x000001ee1906c320 Uncommon trap: trap_request=0xffffff45 fr.pc=0x000001edc4238dd0 relative=0x0000000000000390
Event: 20.392 Thread 0x000001ee1906c320 Uncommon trap: reason=unstable_if action=reinterpret pc=0x000001edc4238dd0 method=org.lombokweb.asm.Label.resolve([BLorg/lombokweb/asm/ByteVector;I)Z @ 81 c2
Event: 20.392 Thread 0x000001ee1906c320 DEOPT PACKING pc=0x000001edc4238dd0 sp=0x000000ed927eea50
Event: 20.392 Thread 0x000001ee1906c320 DEOPT UNPACKING pc=0x000001edc3933aa2 sp=0x000000ed927ee958 mode 2

Classes loaded (20 events):
Event: 20.347 Loading class sun/reflect/generics/tree/Signature done
Event: 20.347 Loading class sun/reflect/generics/tree/ClassSignature done
Event: 20.347 Loading class sun/reflect/annotation/TypeAnnotation$TypeAnnotationTarget
Event: 20.347 Loading class sun/reflect/annotation/TypeAnnotation$TypeAnnotationTarget done
Event: 20.347 Loading class sun/reflect/annotation/TypeAnnotation$LocationInfo
Event: 20.347 Loading class sun/reflect/annotation/TypeAnnotation$LocationInfo done
Event: 20.347 Loading class sun/reflect/annotation/TypeAnnotation$LocationInfo$Location
Event: 20.347 Loading class sun/reflect/annotation/TypeAnnotation$LocationInfo$Location done
Event: 20.347 Loading class sun/reflect/annotation/AnnotatedTypeFactory
Event: 20.347 Loading class sun/reflect/annotation/AnnotatedTypeFactory done
Event: 20.347 Loading class sun/reflect/annotation/AnnotatedTypeFactory$AnnotatedTypeBaseImpl
Event: 20.347 Loading class sun/reflect/annotation/AnnotatedTypeFactory$AnnotatedTypeBaseImpl done
Event: 20.392 Loading class java/lang/reflect/UndeclaredThrowableException
Event: 20.392 Loading class java/lang/reflect/UndeclaredThrowableException done
Event: 20.395 Loading class java/lang/annotation/ElementType
Event: 20.395 Loading class java/lang/annotation/ElementType done
Event: 20.395 Loading class java/lang/annotation/Documented
Event: 20.395 Loading class java/lang/annotation/Documented done
Event: 20.410 Loading class java/lang/reflect/ParameterizedType
Event: 20.410 Loading class java/lang/reflect/ParameterizedType done

Classes unloaded (7 events):
Event: 20.207 Thread 0x000001edb92e0880 Unloading class 0x000001edd21b2400 'java/lang/invoke/LambdaForm$MH+0x000001edd21b2400'
Event: 20.207 Thread 0x000001edb92e0880 Unloading class 0x000001edd21b2000 'java/lang/invoke/LambdaForm$MH+0x000001edd21b2000'
Event: 20.207 Thread 0x000001edb92e0880 Unloading class 0x000001edd21b1c00 'java/lang/invoke/LambdaForm$MH+0x000001edd21b1c00'
Event: 20.207 Thread 0x000001edb92e0880 Unloading class 0x000001edd21b1800 'java/lang/invoke/LambdaForm$MH+0x000001edd21b1800'
Event: 20.207 Thread 0x000001edb92e0880 Unloading class 0x000001edd21b1400 'java/lang/invoke/LambdaForm$BMH+0x000001edd21b1400'
Event: 20.207 Thread 0x000001edb92e0880 Unloading class 0x000001edd21b1000 'java/lang/invoke/LambdaForm$DMH+0x000001edd21b1000'
Event: 20.207 Thread 0x000001edb92e0880 Unloading class 0x000001edd21b0000 'java/lang/invoke/LambdaForm$DMH+0x000001edd21b0000'

Classes redefined (0 events):
No events

Internal exceptions (20 events):
Event: 18.163 Thread 0x000001ee1906c320 Exception <a 'java/lang/NoSuchMethodError'{0x00000000d68f1d10}: 'double java.lang.invoke.DirectMethodHandle$Holder.invokeStaticInit(java.lang.Object, java.lang.Object)'> (0x00000000d68f1d10) 
thrown [s\src\hotspot\share\interpreter\linkResolver.cpp, line 773]
Event: 20.228 Thread 0x000001ee196595c0 Exception <a 'java/lang/NoSuchMethodError'{0x00000000d56424a0}: 'java.lang.Object java.lang.invoke.DirectMethodHandle$Holder.invokeStaticInit(java.lang.Object, java.lang.Object, java.lang.Object, java.lang.Object, java.lang.Object, java.lang.Object, java.lang.Object)'> (0x00000000d56424a0) 
thrown [s\src\hotspot\share\interpreter\linkResolver.cpp, line 773]
Event: 20.229 Thread 0x000001ee196595c0 Exception <a 'java/lang/NoSuchMethodError'{0x00000000d5669d00}: 'java.lang.Object java.lang.invoke.Invokers$Holder.invoke_MT(java.lang.Object, java.lang.Object, java.lang.Object, java.lang.Object, java.lang.Object, java.lang.Object, java.lang.Object, java.lang.Object, java.lang.Object)'> (0x00000000d5669d00) 
thrown [s\src\hotspot\share\interpreter\linkResolver.cpp, line 773]
Event: 20.233 Thread 0x000001ee196595c0 Exception <a 'java/lang/NoSuchMethodError'{0x00000000d575afe0}: 'int java.lang.invoke.DirectMethodHandle$Holder.invokeVirtual(java.lang.Object, java.lang.Object, java.lang.Object)'> (0x00000000d575afe0) 
thrown [s\src\hotspot\share\interpreter\linkResolver.cpp, line 773]
Event: 20.233 Thread 0x000001ee196595c0 Exception <a 'java/lang/NoSuchMethodError'{0x00000000d5762cb0}: 'int java.lang.invoke.DirectMethodHandle$Holder.invokeStaticInit(java.lang.Object, java.lang.Object, java.lang.Object)'> (0x00000000d5762cb0) 
thrown [s\src\hotspot\share\interpreter\linkResolver.cpp, line 773]
Event: 20.233 Thread 0x000001ee196595c0 Exception <a 'java/lang/NoSuchMethodError'{0x00000000d5766120}: 'int java.lang.invoke.DirectMethodHandle$Holder.invokeStaticInit(java.lang.Object, int, int)'> (0x00000000d5766120) 
thrown [s\src\hotspot\share\interpreter\linkResolver.cpp, line 773]
Event: 20.234 Thread 0x000001ee196595c0 Exception <a 'java/lang/NoSuchMethodError'{0x00000000d57d7910}: 'int java.lang.invoke.DirectMethodHandle$Holder.invokeStaticInit(java.lang.Object, long, long)'> (0x00000000d57d7910) 
thrown [s\src\hotspot\share\interpreter\linkResolver.cpp, line 773]
Event: 20.234 Thread 0x000001ee196595c0 Exception <a 'java/lang/NoSuchMethodError'{0x00000000d57ee000}: 'int java.lang.invoke.DirectMethodHandle$Holder.invokeStaticInit(java.lang.Object, float, float)'> (0x00000000d57ee000) 
thrown [s\src\hotspot\share\interpreter\linkResolver.cpp, line 773]
Event: 20.234 Thread 0x000001ee196595c0 Exception <a 'java/lang/NoSuchMethodError'{0x00000000d58049d0}: 'int java.lang.invoke.DirectMethodHandle$Holder.invokeStaticInit(java.lang.Object, double, double)'> (0x00000000d58049d0) 
thrown [s\src\hotspot\share\interpreter\linkResolver.cpp, line 773]
Event: 20.234 Thread 0x000001ee196595c0 Exception <a 'java/lang/NoSuchMethodError'{0x00000000d5808f10}: 'int java.lang.invoke.DirectMethodHandle$Holder.invokeStatic(java.lang.Object, long)'> (0x00000000d5808f10) 
thrown [s\src\hotspot\share\interpreter\linkResolver.cpp, line 773]
Event: 20.236 Thread 0x000001ee196595c0 Exception <a 'java/lang/NoSuchMethodError'{0x00000000d58223e8}: 'int java.lang.invoke.DirectMethodHandle$Holder.invokeSpecial(java.lang.Object, java.lang.Object, int, int)'> (0x00000000d58223e8) 
thrown [s\src\hotspot\share\interpreter\linkResolver.cpp, line 773]
Event: 20.237 Thread 0x000001ee196595c0 Exception <a 'java/lang/NoSuchMethodError'{0x00000000d583c1e8}: 'int java.lang.invoke.Invokers$Holder.linkToTargetMethod(java.lang.Object, java.lang.Object)'> (0x00000000d583c1e8) 
thrown [s\src\hotspot\share\interpreter\linkResolver.cpp, line 773]
Event: 20.238 Thread 0x000001ee1965c3b0 Exception <a 'java/lang/NoSuchMethodError'{0x00000000d58554d8}: 'int java.lang.invoke.DirectMethodHandle$Holder.invokeSpecial(java.lang.Object, java.lang.Object, java.lang.Object, java.lang.Object)'> (0x00000000d58554d8) 
thrown [s\src\hotspot\share\interpreter\linkResolver.cpp, line 773]
Event: 20.238 Thread 0x000001ee1965c3b0 Exception <a 'java/lang/NoSuchMethodError'{0x00000000d58772c8}: 'java.lang.Object java.lang.invoke.DirectMethodHandle$Holder.invokeStatic(java.lang.Object, int, java.lang.Object, java.lang.Object)'> (0x00000000d58772c8) 
thrown [s\src\hotspot\share\interpreter\linkResolver.cpp, line 773]
Event: 20.238 Thread 0x000001ee1965c3b0 Exception <a 'java/lang/NoSuchMethodError'{0x00000000d587f8c0}: 'java.lang.Object java.lang.invoke.DelegatingMethodHandle$Holder.delegate(java.lang.Object, int, java.lang.Object, java.lang.Object)'> (0x00000000d587f8c0) 
thrown [s\src\hotspot\share\interpreter\linkResolver.cpp, line 773]
Event: 20.240 Thread 0x000001ee1965c3b0 Exception <a 'java/lang/NoSuchMethodError'{0x00000000d59118a0}: 'int java.lang.invoke.Invokers$Holder.linkToTargetMethod(java.lang.Object, java.lang.Object, java.lang.Object)'> (0x00000000d59118a0) 
thrown [s\src\hotspot\share\interpreter\linkResolver.cpp, line 773]
Event: 20.266 Thread 0x000001ee196595c0 Exception <a 'java/lang/NoSuchMethodError'{0x00000000d65e65d8}: 'java.lang.Object java.lang.invoke.DirectMethodHandle$Holder.invokeSpecialIFC(java.lang.Object, java.lang.Object, java.lang.Object, java.lang.Object)'> (0x00000000d65e65d8) 
thrown [s\src\hotspot\share\interpreter\linkResolver.cpp, line 773]
Event: 20.270 Thread 0x000001ee1906c320 Exception <a 'java/io/FileNotFoundException'{0x00000000d65ba608}> (0x00000000d65ba608) 
thrown [s\src\hotspot\share\prims\jni.cpp, line 520]
Event: 20.270 Thread 0x000001ee1906c320 Exception <a 'java/io/FileNotFoundException'{0x00000000d65bb450}> (0x00000000d65bb450) 
thrown [s\src\hotspot\share\prims\jni.cpp, line 520]
Event: 20.270 Thread 0x000001ee1906c320 Exception <a 'java/io/FileNotFoundException'{0x00000000d65bc3a0}> (0x00000000d65bc3a0) 
thrown [s\src\hotspot\share\prims\jni.cpp, line 520]

ZGC Phase Switch (0 events):
No events

VM Operations (20 events):
Event: 12.905 Executing VM operation: HandshakeAllThreads (Deoptimize)
Event: 12.905 Executing VM operation: HandshakeAllThreads (Deoptimize) done
Event: 12.916 Executing VM operation: ICBufferFull
Event: 12.916 Executing VM operation: ICBufferFull done
Event: 13.920 Executing VM operation: Cleanup
Event: 13.920 Executing VM operation: Cleanup done
Event: 15.932 Executing VM operation: Cleanup
Event: 15.995 Executing VM operation: Cleanup done
Event: 17.002 Executing VM operation: Cleanup
Event: 17.002 Executing VM operation: Cleanup done
Event: 17.007 Executing VM operation: ParallelGCFailedAllocation (Allocation Failure)
Event: 18.010 Executing VM operation: ParallelGCFailedAllocation (Allocation Failure) done
Event: 18.191 Executing VM operation: CollectForMetadataAllocation (Metadata GC Threshold)
Event: 20.224 Executing VM operation: CollectForMetadataAllocation (Metadata GC Threshold) done
Event: 20.241 Executing VM operation: HandshakeAllThreads (Deoptimize)
Event: 20.241 Executing VM operation: HandshakeAllThreads (Deoptimize) done
Event: 20.295 Executing VM operation: ParallelGCFailedAllocation (Allocation Failure)
Event: 20.296 Executing VM operation: ParallelGCFailedAllocation (Allocation Failure) done
Event: 20.403 Executing VM operation: ParallelGCFailedAllocation (Allocation Failure)
Event: 20.404 Executing VM operation: ParallelGCFailedAllocation (Allocation Failure) done

Memory protections (0 events):
No events

Nmethod flushes (0 events):
No events

Events (20 events):
Event: 15.995 Thread 0x000001ee1965b690 Thread exited: 0x000001ee1965b690
Event: 15.995 Thread 0x000001ee1965a970 Thread exited: 0x000001ee1965a970
Event: 15.995 Thread 0x000001ee1909ee10 Thread exited: 0x000001ee1909ee10
Event: 15.995 Thread 0x000001ee1906d6d0 Thread exited: 0x000001ee1906d6d0
Event: 15.995 Thread 0x000001ee1906dd60 Thread exited: 0x000001ee1906dd60
Event: 15.995 Thread 0x000001ee1965a2e0 Thread exited: 0x000001ee1965a2e0
Event: 15.995 Thread 0x000001ee1910e040 Thread exited: 0x000001ee1910e040
Event: 18.035 Thread 0x000001ee1962a010 Thread added: 0x000001ee1b035630
Event: 18.067 Thread 0x000001edb92f6130 Thread added: 0x000001ee1977ffb0
Event: 18.067 Thread 0x000001edb92f6130 Thread added: 0x000001ee1a6fe1a0
Event: 20.224 Thread 0x000001ee196595c0 Thread added: 0x000001ee1965a970
Event: 20.224 Thread 0x000001ee1965a970 Thread added: 0x000001ee19658f30
Event: 20.224 Thread 0x000001ee1a6fe1a0 Thread exited: 0x000001ee1a6fe1a0
Event: 20.224 Thread 0x000001ee1b035630 Thread exited: 0x000001ee1b035630
Event: 20.224 Thread 0x000001ee1977ffb0 Thread exited: 0x000001ee1977ffb0
Event: 20.224 Thread 0x000001ee1962a010 Thread exited: 0x000001ee1962a010
Event: 20.234 Thread 0x000001edb92f6130 Thread added: 0x000001ee145c76a0
Event: 20.251 Thread 0x000001edb92f6130 Thread added: 0x000001ee146b19d0
Event: 20.253 Thread 0x000001ee145c76a0 Thread added: 0x000001ee146b54c0
Event: 20.253 Thread 0x000001ee145c76a0 Thread added: 0x000001ee146b5b60


Dynamic libraries:
0x00007ff7b60b0000 - 0x00007ff7b60be000 	c:\Users\admin\.cursor\extensions\redhat.java-1.50.0-win32-x64\jre\21.0.9-win32-x86_64\bin\java.exe
0x00007ffc1a1c0000 - 0x00007ffc1a425000 	C:\WINDOWS\SYSTEM32\ntdll.dll
0x00007ffc18230000 - 0x00007ffc182f9000 	C:\WINDOWS\System32\KERNEL32.DLL
0x00007ffc176c0000 - 0x00007ffc17aa8000 	C:\WINDOWS\System32\KERNELBASE.dll
0x00007ffc174c0000 - 0x00007ffc1760b000 	C:\WINDOWS\System32\ucrtbase.dll
0x00007ffc12f40000 - 0x00007ffc12f58000 	c:\Users\admin\.cursor\extensions\redhat.java-1.50.0-win32-x64\jre\21.0.9-win32-x86_64\bin\jli.dll
0x00007ffc142c0000 - 0x00007ffc142de000 	c:\Users\admin\.cursor\extensions\redhat.java-1.50.0-win32-x64\jre\21.0.9-win32-x86_64\bin\VCRUNTIME140.dll
0x00007ffc183f0000 - 0x00007ffc185ba000 	C:\WINDOWS\System32\USER32.dll
0x00007ffc09800000 - 0x00007ffc09a9a000 	C:\WINDOWS\WinSxS\amd64_microsoft.windows.common-controls_6595b64144ccf1df_6.0.26100.4202_none_3e0698d4e335f517\COMCTL32.dll
0x00007ffc17310000 - 0x00007ffc17337000 	C:\WINDOWS\System32\win32u.dll
0x00007ffc19680000 - 0x00007ffc19729000 	C:\WINDOWS\System32\msvcrt.dll
0x00007ffc1a150000 - 0x00007ffc1a17b000 	C:\WINDOWS\System32\GDI32.dll
0x00007ffc17c00000 - 0x00007ffc17d37000 	C:\WINDOWS\System32\gdi32full.dll
0x00007ffc17610000 - 0x00007ffc176b3000 	C:\WINDOWS\System32\msvcp_win.dll
0x00007ffc19cc0000 - 0x00007ffc19cf0000 	C:\WINDOWS\System32\IMM32.DLL
0x00007ffc12e80000 - 0x00007ffc12e8c000 	c:\Users\admin\.cursor\extensions\redhat.java-1.50.0-win32-x64\jre\21.0.9-win32-x86_64\bin\vcruntime140_1.dll
0x00007ffc06460000 - 0x00007ffc064ed000 	c:\Users\admin\.cursor\extensions\redhat.java-1.50.0-win32-x64\jre\21.0.9-win32-x86_64\bin\msvcp140.dll
0x00007ffbc86e0000 - 0x00007ffbc9480000 	c:\Users\admin\.cursor\extensions\redhat.java-1.50.0-win32-x64\jre\21.0.9-win32-x86_64\bin\server\jvm.dll
0x00007ffc18dd0000 - 0x00007ffc18e83000 	C:\WINDOWS\System32\ADVAPI32.dll
0x00007ffc1a020000 - 0x00007ffc1a0c6000 	C:\WINDOWS\System32\sechost.dll
0x00007ffc18100000 - 0x00007ffc18215000 	C:\WINDOWS\System32\RPCRT4.dll
0x00007ffc18cf0000 - 0x00007ffc18d64000 	C:\WINDOWS\System32\WS2_32.dll
0x00007ffc16760000 - 0x00007ffc167be000 	C:\WINDOWS\SYSTEM32\POWRPROF.dll
0x00007ffc10660000 - 0x00007ffc1066b000 	C:\WINDOWS\SYSTEM32\VERSION.dll
0x00007ffc0d220000 - 0x00007ffc0d255000 	C:\WINDOWS\SYSTEM32\WINMM.dll
0x00007ffc16710000 - 0x00007ffc16724000 	C:\WINDOWS\SYSTEM32\UMPDC.dll
0x00007ffc16090000 - 0x00007ffc160ab000 	C:\WINDOWS\SYSTEM32\kernel.appcore.dll
0x00007ffc12e70000 - 0x00007ffc12e7a000 	c:\Users\admin\.cursor\extensions\redhat.java-1.50.0-win32-x64\jre\21.0.9-win32-x86_64\bin\jimage.dll
0x00007ffc01770000 - 0x00007ffc019b1000 	C:\WINDOWS\SYSTEM32\DBGHELP.DLL
0x00007ffc19830000 - 0x00007ffc19bb5000 	C:\WINDOWS\System32\combase.dll
0x00007ffc18300000 - 0x00007ffc183e1000 	C:\WINDOWS\System32\OLEAUT32.dll
0x00007ffc05670000 - 0x00007ffc056a9000 	C:\WINDOWS\SYSTEM32\dbgcore.DLL
0x00007ffc17d40000 - 0x00007ffc17dd9000 	C:\WINDOWS\System32\bcryptPrimitives.dll
0x00007ffc0b400000 - 0x00007ffc0b40f000 	c:\Users\admin\.cursor\extensions\redhat.java-1.50.0-win32-x64\jre\21.0.9-win32-x86_64\bin\instrument.dll
0x00007ffc0b430000 - 0x00007ffc0b450000 	c:\Users\admin\.cursor\extensions\redhat.java-1.50.0-win32-x64\jre\21.0.9-win32-x86_64\bin\java.dll
0x00007ffc18f10000 - 0x00007ffc19652000 	C:\WINDOWS\System32\SHELL32.dll
0x00007ffc17340000 - 0x00007ffc174b4000 	C:\WINDOWS\System32\wintypes.dll
0x00007ffc14f50000 - 0x00007ffc157a7000 	C:\WINDOWS\SYSTEM32\windows.storage.dll
0x00007ffc19730000 - 0x00007ffc19821000 	C:\WINDOWS\System32\SHCORE.dll
0x00007ffc18c80000 - 0x00007ffc18cea000 	C:\WINDOWS\System32\shlwapi.dll
0x00007ffc17220000 - 0x00007ffc1724f000 	C:\WINDOWS\SYSTEM32\profapi.dll
0x00007ffc0b360000 - 0x00007ffc0b378000 	c:\Users\admin\.cursor\extensions\redhat.java-1.50.0-win32-x64\jre\21.0.9-win32-x86_64\bin\zip.dll
0x00007ffc0b3d0000 - 0x00007ffc0b3e0000 	C:\Users\admin\.cursor\extensions\redhat.java-1.50.0-win32-x64\jre\21.0.9-win32-x86_64\bin\net.dll
0x00007ffc11330000 - 0x00007ffc1144e000 	C:\WINDOWS\SYSTEM32\WINHTTP.dll
0x00007ffc16670000 - 0x00007ffc166da000 	C:\WINDOWS\system32\mswsock.dll
0x00007ffc0a920000 - 0x00007ffc0a936000 	C:\Users\admin\.cursor\extensions\redhat.java-1.50.0-win32-x64\jre\21.0.9-win32-x86_64\bin\nio.dll
0x00007ffc0b340000 - 0x00007ffc0b350000 	c:\Users\admin\.cursor\extensions\redhat.java-1.50.0-win32-x64\jre\21.0.9-win32-x86_64\bin\verify.dll
0x00007ffc06580000 - 0x00007ffc065c4000 	C:\Users\admin\AppData\Roaming\Cursor\User\globalStorage\redhat.java\1.50.0\config_win\org.eclipse.equinox.launcher\org.eclipse.equinox.launcher.win32.win32.x86_64_1.2.1400.v20250801-0854\eclipse_11916.dll
0x00007ffc185c0000 - 0x00007ffc1875e000 	C:\WINDOWS\System32\ole32.dll
0x00007ffc0a6d0000 - 0x00007ffc0a6da000 	C:\Users\admin\.cursor\extensions\redhat.java-1.50.0-win32-x64\jre\21.0.9-win32-x86_64\bin\management.dll
0x00007ffc0a6c0000 - 0x00007ffc0a6cc000 	C:\Users\admin\.cursor\extensions\redhat.java-1.50.0-win32-x64\jre\21.0.9-win32-x86_64\bin\management_ext.dll
0x00007ffc17f70000 - 0x00007ffc17f78000 	C:\WINDOWS\System32\PSAPI.DLL

JVMTI agents:
c:\Users\admin\.cursor\extensions\redhat.java-1.50.0-win32-x64\lombok\lombok-1.18.39-4050.jar path:c:\Users\admin\.cursor\extensions\redhat.java-1.50.0-win32-x64\jre\21.0.9-win32-x86_64\bin\instrument.dll, loaded, initialized, instrumentlib options:none

dbghelp: loaded successfully - version: 4.0.5 - missing functions: none
symbol engine: initialized successfully - sym options: 0x614 - pdb path: .;c:\Users\admin\.cursor\extensions\redhat.java-1.50.0-win32-x64\jre\21.0.9-win32-x86_64\bin;C:\WINDOWS\SYSTEM32;C:\WINDOWS\WinSxS\amd64_microsoft.windows.common-controls_6595b64144ccf1df_6.0.26100.4202_none_3e0698d4e335f517;c:\Users\admin\.cursor\extensions\redhat.java-1.50.0-win32-x64\jre\21.0.9-win32-x86_64\bin\server;C:\Users\admin\AppData\Roaming\Cursor\User\globalStorage\redhat.java\1.50.0\config_win\org.eclipse.equinox.launcher\org.eclipse.equinox.launcher.win32.win32.x86_64_1.2.1400.v20250801-0854

VM Arguments:
jvm_args: --add-modules=ALL-SYSTEM --add-opens=java.base/java.util=ALL-UNNAMED --add-opens=java.base/java.lang=ALL-UNNAMED --add-opens=java.base/sun.nio.fs=ALL-UNNAMED -Declipse.application=org.eclipse.jdt.ls.core.id1 -Dosgi.bundles.defaultStartLevel=4 -Declipse.product=org.eclipse.jdt.ls.core.product -Djava.import.generatesMetadataFilesAtProjectRoot=false -DDetectVMInstallationsJob.disabled=true -Dfile.encoding=utf8 -XX:+UseParallelGC -XX:GCTimeRatio=4 -XX:AdaptiveSizePolicyWeight=90 -Dsun.zip.disableMemoryMapping=true -Xmx2G -Xms100m -Xlog:disable -javaagent:c:\Users\admin\.cursor\extensions\redhat.java-1.50.0-win32-x64\lombok\lombok-1.18.39-4050.jar -XX:+HeapDumpOnOutOfMemoryError -XX:HeapDumpPath=c:\Users\admin\AppData\Roaming\Cursor\User\workspaceStorage\69b4fcc2ad451ac108d0e8250b41e1ae\redhat.java -Daether.dependencyCollector.impl=bf 
java_command: c:\Users\admin\.cursor\extensions\redhat.java-1.50.0-win32-x64\server\plugins\org.eclipse.equinox.launcher_1.7.100.v20251111-0406.jar -configuration c:\Users\admin\AppData\Roaming\Cursor\User\globalStorage\redhat.java\1.50.0\config_win -data c:\Users\admin\AppData\Roaming\Cursor\User\workspaceStorage\69b4fcc2ad451ac108d0e8250b41e1ae\redhat.java\jdt_ws --pipe=\\.\pipe\lsp-62c2bc2b28c0eeb8330b6061078eed31-sock
java_class_path (initial): c:\Users\admin\.cursor\extensions\redhat.java-1.50.0-win32-x64\server\plugins\org.eclipse.equinox.launcher_1.7.100.v20251111-0406.jar
Launcher Type: SUN_STANDARD

[Global flags]
    uintx AdaptiveSizePolicyWeight                 = 90                                        {product} {command line}
     intx CICompilerCount                          = 12                                        {product} {ergonomic}
    uintx GCTimeRatio                              = 4                                         {product} {command line}
     bool HeapDumpOnOutOfMemoryError               = true                                   {manageable} {command line}
    ccstr HeapDumpPath                             = c:\Users\admin\AppData\Roaming\Cursor\User\workspaceStorage\69b4fcc2ad451ac108d0e8250b41e1ae\redhat.java         {manageable} {command line}
   size_t InitialHeapSize                          = 104857600                                 {product} {command line}
   size_t MaxHeapSize                              = 2147483648                                {product} {command line}
   size_t MaxNewSize                               = 715653120                                 {product} {ergonomic}
   size_t MinHeapDeltaBytes                        = 524288                                    {product} {ergonomic}
   size_t MinHeapSize                              = 104857600                                 {product} {command line}
   size_t NewSize                                  = 34603008                                  {product} {ergonomic}
    uintx NonNMethodCodeHeapSize                   = 7602480                                {pd product} {ergonomic}
    uintx NonProfiledCodeHeapSize                  = 122027880                              {pd product} {ergonomic}
   size_t OldSize                                  = 70254592                                  {product} {ergonomic}
    uintx ProfiledCodeHeapSize                     = 122027880                              {pd product} {ergonomic}
    uintx ReservedCodeCacheSize                    = 251658240                              {pd product} {ergonomic}
     bool SegmentedCodeCache                       = true                                      {product} {ergonomic}
   size_t SoftMaxHeapSize                          = 2147483648                             {manageable} {ergonomic}
     bool UseCompressedOops                        = true                           {product lp64_product} {ergonomic}
     bool UseLargePagesIndividualAllocation        = false                                  {pd product} {ergonomic}
     bool UseParallelGC                            = true                                      {product} {command line}

Logging:
Log output configuration:
 #0: stdout all=off uptime,level,tags foldmultilines=false
 #1: stderr all=off uptime,level,tags foldmultilines=false

Release file:
JAVA_VERSION="21.0.9" 
MODULES="java.base java.compiler java.datatransfer java.xml java.prefs java.desktop java.instrument java.logging java.management java.security.sasl java.naming java.rmi java.management.rmi java.net.http java.scripting java.security.jgss java.transaction.xa java.sql java.sql.rowset java.xml.crypto java.se java.smartcardio jdk.accessibility jdk.internal.jvmstat jdk.attach jdk.charsets jdk.internal.opt jdk.zipfs jdk.compiler jdk.crypto.ec jdk.crypto.cryptoki jdk.crypto.mscapi jdk.dynalink jdk.internal.ed jdk.editpad jdk.hotspot.agent jdk.httpserver jdk.internal.le jdk.internal.vm.ci jdk.internal.vm.compiler jdk.internal.vm.compiler.management jdk.jartool jdk.javadoc jdk.jcmd jdk.management jdk.management.agent jdk.jconsole jdk.jdeps jdk.jdwp.agent jdk.jdi jdk.jfr jdk.jshell jdk.jsobject jdk.jstatd jdk.localedata jdk.management.jfr jdk.naming.dns jdk.naming.rmi jdk.net jdk.nio.mapmode jdk.random jdk.sctp jdk.security.auth jdk.security.jgss jdk.unsupported jdk.unsupported.desktop jdk.xml.dom" 

Environment Variables:
PATH=C:\WINDOWS\System32;C:\Users\admin\AppData\Local\Android\Sdk\cmdline-tools\latest\bin;C:\Users\admin\AppData\Local\Android\Sdk\platform-tools;C:\php8.4;C:\ProgramData\ComposerSetup\bin;C:\Program Files\cursor\resources\app\bin;C:\Program Files\Microsoft SQL Server\170\Tools\Binn\;C:\Program Files\dotnet\;C:\Users\admin\AppData\Local\Android\Sdk\cmdline-tools\latest\bin;C:\Users\admin\AppData\Local\Android\Sdk\platform-tools;C:\php8.4;C:\ProgramData\ComposerSetup\bin;C:\Program Files\cursor\resources\app\bin;C:\Program Files\Microsoft SQL Server\170\Tools\Binn\;C:\Program Files\dotnet\;C:\Users\admin\AppData\Local\Android\Sdk\cmdline-tools\latest\bin;C:\Users\admin\AppData\Local\Android\Sdk\platform-tools;C:\php8.4;C:\ProgramData\ComposerSetup\bin;C:\Program Files\cursor\resources\app\bin;C:\Program Files\Microsoft SQL Server\170\Tools\Binn\;C:\Program Files\dotnet\;C:\Program Files\MySQL\MySQL Shell 8.0\bin\;C:\Users\admin\AppData\Local\Programs\Python\Python313\Scripts\;C:\Users\admin\AppData\Local\Programs\Python\Python313\;C:\Users\admin\AppData\Local\Microsoft\WindowsApps;C:\Users\admin\AppData\Local\Programs\Microsoft VS Code\bin;C:\Users\admin\AppData\Roaming\npm;C:\Users\admin\AppData\Roaming\Composer\vendor\bin;C:\platform-tools-latest-windows\platform-tools;C:\Users\admin\flutter\bin;C:\Program Files\Eclipse Adoptium\jdk-17.0.16.8-hotspot;C:\Windows\System32;C:\Windows;C:\Windows\System32\Wbem;C:\Windows\System32\WindowsPowerShell\v1.0\;C:\Program Files\Git\cmd;C:\Program Files\nodejs\;C:\Program Files\cursor;C:\Program Files\Eclipse Adoptium\jdk-17.0.16.8-hotspot\bin;C:\Program Files (x86)\cloudflared;C:\Program Files\dotnet;C:\php8.4;C:\Users\admin\.dotnet\tools
USERNAME=Caps
OS=Windows_NT
PROCESSOR_IDENTIFIER=Intel64 Family 6 Model 165 Stepping 5, GenuineIntel
TMP=C:\Users\admin\AppData\Local\Temp
TEMP=C:\Users\admin\AppData\Local\Temp




Periodic native trim disabled

---------------  S Y S T E M  ---------------

OS:
 Windows 11 , 64 bit Build 26100 (10.0.26100.4202)
OS uptime: 11 days 6:10 hours
Hyper-V role detected

CPU: total 16 (initial active 16) (8 cores per cpu, 2 threads per core) family 6 model 165 stepping 5 microcode 0xe2, cx8, cmov, fxsr, ht, mmx, 3dnowpref, sse, sse2, sse3, ssse3, sse4.1, sse4.2, popcnt, lzcnt, tsc, tscinvbit, avx, avx2, aes, erms, clmul, bmi1, bmi2, adx, fma, vzeroupper, clflush, clflushopt, hv, rdtscp, f16c
Processor Information for the first 16 processors :
  Max Mhz: 3792, Current Mhz: 3792, Mhz Limit: 3792

Memory: 4k page, system-wide physical 32666M (4499M free)
TotalPageFile size 56693M (AvailPageFile size 75M)
current process WorkingSet (physical memory assigned to process): 178M, peak: 178M
current process commit charge ("private bytes"): 325M, peak: 325M

vm_info: OpenJDK 64-Bit Server VM (21.0.9+10-LTS) for windows-amd64 JRE (21.0.9+10-LTS), built on 2025-10-21T00:00:00Z by "admin" with unknown MS VC++:1942

END.
